C51 COMPILER V9.01   SHUMAGUANADD1                                                         03/29/2019 16:22:28 PAGE 1   


C51 COMPILER V9.01, COMPILATION OF MODULE SHUMAGUANADD1
OBJECT MODULE PLACED IN shumaguanAdd1.OBJ
COMPILER INVOKED BY: D:\keil 4\C51\BIN\C51.EXE shumaguanAdd1.c BROWSE DEBUG OBJECTEXTEND

line level    source

   1          /*
   2          数码管每间隔一秒右移一位 并且数值加一 依次显示0-8
   3          */
   4          
   5          #include "reg52.h"
   6          #define ui unsigned int
   7          
   8          sbit wela =P2^1;//定义引脚
   9          sbit dula =P2^0;
  10          
  11          /*------------------------------------------------
  12                             查表表格
  13          ------------------------------------------------*/
  14          unsigned char code table[]={    0x3F,0x06,0x5B,0x4F,
  15                                                                                                                                          0x66,0x6D,0x7d,0x07,
  16                                                                                                                                  0x7f,0x6f,0x77,0x7C,
  17                                                                                                                                  0x39,0x5E,0x79,0x71 }   ;
  18                                                                                                                                          //共阴数码管0~F
  19          
  20            //低电平选中数码管 从左到右最左边的为最低位 即第一个数码管为最低位
  21                  //低位--->高位
  22                                                                                                                                          //1110 1111 
  23          unsigned char code shumaguan[]={ 0xfe,0xfd,0xfb,0xf7,
  24                                                                                                                                           0xef,0xdf,0xbf,0x7f   }        ;
  25                                                                                                                                          //从左到右点亮
  26                                                          
  27          void delay(ui z)
  28          {
  29   1          ui a,b;
  30   1          for(a=z;a>0;a--)
  31   1              for(b=110;b>0;b--);
  32   1      } 
  33          
  34          void main()
  35          {
  36   1           ui i=1;
  37   1      
  38   1              while(1)
  39   1              {       
  40   2              for(i=1;i<9;i++)   //加入 for循环，表明for循环大括号中的程序循环
  41   2                           //执行16次，表明表格中有16个元素
  42   2                  {
  43   3                                              wela=1;
  44   3                                              P0=shumaguan[i-1];
  45   3                                              wela=0;
  46   3                                              delay(1000);
  47   3                                              dula=1;
  48   3                                              P0=table[i];
  49   3                                              dula=0;
  50   3                  }
  51   2      
  52   2              
  53   2              
  54   2              }
  55   1      }
C51 COMPILER V9.01   SHUMAGUANADD1                                                         03/29/2019 16:22:28 PAGE 2   



MODULE INFORMATION:   STATIC OVERLAYABLE
   CODE SIZE        =     76    ----
   CONSTANT SIZE    =     24    ----
   XDATA SIZE       =   ----    ----
   PDATA SIZE       =   ----    ----
   DATA SIZE        =   ----    ----
   IDATA SIZE       =   ----    ----
   BIT SIZE         =   ----    ----
END OF MODULE INFORMATION.


C51 COMPILATION COMPLETE.  0 WARNING(S),  0 ERROR(S)
